<doc><heading type="top">My Article</heading><list><item>Mr. Foo</item><item>Mr. Bar</item></list></doc>